// Jest Snapshot v1, https://goo.gl/fbAQLP

exports[`StatusStat should match snapshot 1`] = `
<div
  class="sc-dlnjwi gyKyEL"
  data-testid="status-stat"
>
  <h2>
    Status Ratio
  </h2>
  <div
    class="sc-hKFxyN hkEvbo"
  >
    <div
      class="sc-eCApnc jTCpRP"
    >
      <div
        class="sc-jSFjdj gKHwZP"
      >
        <div
          class="sc-gtsrHT jXWUFn"
          data-testid="status-container"
          status="connected"
        >
          <svg
            aria-hidden="true"
            class="MuiSvgIcon-root"
            data-testid="signal-on"
            focusable="false"
            title="connected"
            viewBox="0 0 24 24"
          >
            <path
              d="M2 22h20V2z"
            />
          </svg>
        </div>
         
        <div
          class="sc-iCoGMd TbJxt"
        >
          Connected
        </div>
      </div>
      <div
        class="sc-fujyAs fioZlj"
      >
        <div
          class="sc-bdnxRM ljCoAi"
          color="#00C9A3"
          data-testid="ratio-circle"
        >
          23 / 35
        </div>
      </div>
    </div>
    <div
      class="sc-gKAaRy biKmfY"
    />
    <div
      class="sc-eCApnc jTCpRP"
    >
      <div
        class="sc-jSFjdj gKHwZP"
      >
        <div
          class="sc-gtsrHT eAlTkD"
          data-testid="status-container"
          status="disconnected"
        >
          <svg
            aria-hidden="true"
            class="MuiSvgIcon-root"
            data-testid="signal-off"
            focusable="false"
            title="disconnected"
            viewBox="0 0 24 24"
          >
            <path
              d="M21 1l-8.59 8.59L21 18.18V1zM4.77 4.5L3.5 5.77l6.36 6.36L1 21h17.73l2 2L22 21.73 4.77 4.5z"
            />
          </svg>
        </div>
         
        <div
          class="sc-iCoGMd TbJxt"
        >
          Disconnected
        </div>
      </div>
      <div
        class="sc-fujyAs fioZlj"
      >
        <div
          class="sc-bdnxRM gKTCMe"
          color="#eb4034"
          data-testid="ratio-circle"
        >
          12 / 35
        </div>
      </div>
    </div>
  </div>
</div>
`;
