// Jest Snapshot v1, https://goo.gl/fbAQLP

exports[`GlobalDashboard GlobalDashboard should match snapshot 1`] = `
<div
  class="sc-eCApnc hkrslo"
>
  <h1>
    Global Dashboard
  </h1>
  <div
    class="sc-gKAaRy HERac"
  >
    <div
      class="sc-jgPyTC fowKOU"
    >
      <h2>
        Voltage per device
      </h2>
      <div
        data-testid="chart-bar"
      >
        <div
          class="recharts-wrapper"
          style="position: relative; cursor: default; width: 500px; height: 300px;"
        >
          <svg
            class="recharts-surface"
            height="300"
            version="1.1"
            viewBox="0 0 500 300"
            width="500"
          >
            <defs>
              <clippath
                id="recharts1-clip"
              >
                <rect
                  height="260"
                  width="430"
                  x="65"
                  y="5"
                />
              </clippath>
            </defs>
            <g
              class="recharts-cartesian-grid"
            >
              <g
                class="recharts-cartesian-grid-horizontal"
              >
                <line
                  fill="none"
                  height="260"
                  offset="[object Object]"
                  stroke="#ccc"
                  stroke-dasharray="3 3"
                  width="430"
                  x="65"
                  x1="65"
                  x2="495"
                  y="5"
                  y1="265"
                  y2="265"
                />
                <line
                  fill="none"
                  height="260"
                  offset="[object Object]"
                  stroke="#ccc"
                  stroke-dasharray="3 3"
                  width="430"
                  x="65"
                  x1="65"
                  x2="495"
                  y="5"
                  y1="200"
                  y2="200"
                />
                <line
                  fill="none"
                  height="260"
                  offset="[object Object]"
                  stroke="#ccc"
                  stroke-dasharray="3 3"
                  width="430"
                  x="65"
                  x1="65"
                  x2="495"
                  y="5"
                  y1="135"
                  y2="135"
                />
                <line
                  fill="none"
                  height="260"
                  offset="[object Object]"
                  stroke="#ccc"
                  stroke-dasharray="3 3"
                  width="430"
                  x="65"
                  x1="65"
                  x2="495"
                  y="5"
                  y1="70"
                  y2="70"
                />
                <line
                  fill="none"
                  height="260"
                  offset="[object Object]"
                  stroke="#ccc"
                  stroke-dasharray="3 3"
                  width="430"
                  x="65"
                  x1="65"
                  x2="495"
                  y="5"
                  y1="5"
                  y2="5"
                />
              </g>
              <g
                class="recharts-cartesian-grid-vertical"
              >
                <line
                  fill="none"
                  height="260"
                  offset="[object Object]"
                  stroke="#ccc"
                  stroke-dasharray="3 3"
                  width="430"
                  x="65"
                  x1="136.66666666666669"
                  x2="136.66666666666669"
                  y="5"
                  y1="5"
                  y2="265"
                />
                <line
                  fill="none"
                  height="260"
                  offset="[object Object]"
                  stroke="#ccc"
                  stroke-dasharray="3 3"
                  width="430"
                  x="65"
                  x1="280"
                  x2="280"
                  y="5"
                  y1="5"
                  y2="265"
                />
                <line
                  fill="none"
                  height="260"
                  offset="[object Object]"
                  stroke="#ccc"
                  stroke-dasharray="3 3"
                  width="430"
                  x="65"
                  x1="423.33333333333337"
                  x2="423.33333333333337"
                  y="5"
                  y1="5"
                  y2="265"
                />
                <line
                  fill="none"
                  height="260"
                  offset="[object Object]"
                  stroke="#ccc"
                  stroke-dasharray="3 3"
                  width="430"
                  x="65"
                  x1="65"
                  x2="65"
                  y="5"
                  y1="5"
                  y2="265"
                />
                <line
                  fill="none"
                  height="260"
                  offset="[object Object]"
                  stroke="#ccc"
                  stroke-dasharray="3 3"
                  width="430"
                  x="65"
                  x1="495"
                  x2="495"
                  y="5"
                  y1="5"
                  y2="265"
                />
              </g>
            </g>
            <g
              class="recharts-layer recharts-cartesian-axis recharts-xAxis xAxis"
            >
              <line
                class="recharts-cartesian-axis-line"
                fill="none"
                height="30"
                orientation="bottom"
                stroke="#666"
                type="category"
                width="430"
                x="65"
                x1="65"
                x2="495"
                y="265"
                y1="265"
                y2="265"
              />
              <g
                class="recharts-cartesian-axis-ticks"
              >
                <g
                  class="recharts-layer recharts-cartesian-axis-tick"
                >
                  <line
                    class="recharts-cartesian-axis-tick-line"
                    fill="none"
                    height="30"
                    orientation="bottom"
                    stroke="#666"
                    type="category"
                    width="430"
                    x="65"
                    x1="136.66666666666669"
                    x2="136.66666666666669"
                    y="265"
                    y1="271"
                    y2="265"
                  />
                  <text
                    class="recharts-text recharts-cartesian-axis-tick-value"
                    fill="#666"
                    height="30"
                    orientation="bottom"
                    stroke="none"
                    text-anchor="middle"
                    type="category"
                    width="430"
                    x="136.66666666666669"
                    y="273"
                  >
                    <tspan
                      dy="0.71em"
                      x="136.66666666666669"
                    >
                      device_0
                    </tspan>
                  </text>
                </g>
                <g
                  class="recharts-layer recharts-cartesian-axis-tick"
                >
                  <line
                    class="recharts-cartesian-axis-tick-line"
                    fill="none"
                    height="30"
                    orientation="bottom"
                    stroke="#666"
                    type="category"
                    width="430"
                    x="65"
                    x1="280"
                    x2="280"
                    y="265"
                    y1="271"
                    y2="265"
                  />
                  <text
                    class="recharts-text recharts-cartesian-axis-tick-value"
                    fill="#666"
                    height="30"
                    orientation="bottom"
                    stroke="none"
                    text-anchor="middle"
                    type="category"
                    width="430"
                    x="280"
                    y="273"
                  >
                    <tspan
                      dy="0.71em"
                      x="280"
                    >
                      device_1
                    </tspan>
                  </text>
                </g>
                <g
                  class="recharts-layer recharts-cartesian-axis-tick"
                >
                  <line
                    class="recharts-cartesian-axis-tick-line"
                    fill="none"
                    height="30"
                    orientation="bottom"
                    stroke="#666"
                    type="category"
                    width="430"
                    x="65"
                    x1="423.33333333333337"
                    x2="423.33333333333337"
                    y="265"
                    y1="271"
                    y2="265"
                  />
                  <text
                    class="recharts-text recharts-cartesian-axis-tick-value"
                    fill="#666"
                    height="30"
                    orientation="bottom"
                    stroke="none"
                    text-anchor="middle"
                    type="category"
                    width="430"
                    x="423.33333333333337"
                    y="273"
                  >
                    <tspan
                      dy="0.71em"
                      x="423.33333333333337"
                    >
                      device_2
                    </tspan>
                  </text>
                </g>
              </g>
            </g>
            <g
              class="recharts-layer recharts-cartesian-axis recharts-yAxis yAxis"
            >
              <line
                class="recharts-cartesian-axis-line"
                fill="none"
                height="260"
                orientation="left"
                stroke="#666"
                type="number"
                width="60"
                x="5"
                x1="65"
                x2="65"
                y="5"
                y1="5"
                y2="265"
              />
              <g
                class="recharts-cartesian-axis-ticks"
              >
                <g
                  class="recharts-layer recharts-cartesian-axis-tick"
                >
                  <line
                    class="recharts-cartesian-axis-tick-line"
                    fill="none"
                    height="260"
                    orientation="left"
                    stroke="#666"
                    type="number"
                    width="60"
                    x="5"
                    x1="59"
                    x2="65"
                    y="5"
                    y1="265"
                    y2="265"
                  />
                  <text
                    class="recharts-text recharts-cartesian-axis-tick-value"
                    fill="#666"
                    height="260"
                    orientation="left"
                    stroke="none"
                    text-anchor="end"
                    type="number"
                    width="60"
                    x="57"
                    y="265"
                  >
                    <tspan
                      dy="0.355em"
                      x="57"
                    >
                      0
                    </tspan>
                  </text>
                </g>
                <g
                  class="recharts-layer recharts-cartesian-axis-tick"
                >
                  <line
                    class="recharts-cartesian-axis-tick-line"
                    fill="none"
                    height="260"
                    orientation="left"
                    stroke="#666"
                    type="number"
                    width="60"
                    x="5"
                    x1="59"
                    x2="65"
                    y="5"
                    y1="200"
                    y2="200"
                  />
                  <text
                    class="recharts-text recharts-cartesian-axis-tick-value"
                    fill="#666"
                    height="260"
                    orientation="left"
                    stroke="none"
                    text-anchor="end"
                    type="number"
                    width="60"
                    x="57"
                    y="200"
                  >
                    <tspan
                      dy="0.355em"
                      x="57"
                    >
                      900
                    </tspan>
                  </text>
                </g>
                <g
                  class="recharts-layer recharts-cartesian-axis-tick"
                >
                  <line
                    class="recharts-cartesian-axis-tick-line"
                    fill="none"
                    height="260"
                    orientation="left"
                    stroke="#666"
                    type="number"
                    width="60"
                    x="5"
                    x1="59"
                    x2="65"
                    y="5"
                    y1="135"
                    y2="135"
                  />
                  <text
                    class="recharts-text recharts-cartesian-axis-tick-value"
                    fill="#666"
                    height="260"
                    orientation="left"
                    stroke="none"
                    text-anchor="end"
                    type="number"
                    width="60"
                    x="57"
                    y="135"
                  >
                    <tspan
                      dy="0.355em"
                      x="57"
                    >
                      1800
                    </tspan>
                  </text>
                </g>
                <g
                  class="recharts-layer recharts-cartesian-axis-tick"
                >
                  <line
                    class="recharts-cartesian-axis-tick-line"
                    fill="none"
                    height="260"
                    orientation="left"
                    stroke="#666"
                    type="number"
                    width="60"
                    x="5"
                    x1="59"
                    x2="65"
                    y="5"
                    y1="70"
                    y2="70"
                  />
                  <text
                    class="recharts-text recharts-cartesian-axis-tick-value"
                    fill="#666"
                    height="260"
                    orientation="left"
                    stroke="none"
                    text-anchor="end"
                    type="number"
                    width="60"
                    x="57"
                    y="70"
                  >
                    <tspan
                      dy="0.355em"
                      x="57"
                    >
                      2700
                    </tspan>
                  </text>
                </g>
                <g
                  class="recharts-layer recharts-cartesian-axis-tick"
                >
                  <line
                    class="recharts-cartesian-axis-tick-line"
                    fill="none"
                    height="260"
                    orientation="left"
                    stroke="#666"
                    type="number"
                    width="60"
                    x="5"
                    x1="59"
                    x2="65"
                    y="5"
                    y1="5"
                    y2="5"
                  />
                  <text
                    class="recharts-text recharts-cartesian-axis-tick-value"
                    fill="#666"
                    height="260"
                    orientation="left"
                    stroke="none"
                    text-anchor="end"
                    type="number"
                    width="60"
                    x="57"
                    y="5"
                  >
                    <tspan
                      dy="0.355em"
                      x="57"
                    >
                      3600
                    </tspan>
                  </text>
                </g>
              </g>
            </g>
            <g
              class="recharts-layer recharts-bar"
            >
              <g
                class="recharts-layer recharts-bar-rectangles"
              >
                <g
                  class="recharts-layer"
                >
                  <g
                    class="recharts-layer recharts-bar-rectangle"
                  />
                  <g
                    class="recharts-layer recharts-bar-rectangle"
                  />
                  <g
                    class="recharts-layer recharts-bar-rectangle"
                  />
                </g>
              </g>
            </g>
          </svg>
          <div
            class="recharts-legend-wrapper"
            style="position: absolute; width: 490px; height: auto; left: 5px; top: 5px;"
          >
            <ul
              class="recharts-default-legend"
              style="padding: 0px; margin: 0px; text-align: center;"
            >
              <li
                class="recharts-legend-item legend-item-0"
                style="display: inline-block; margin-right: 10px;"
              >
                <svg
                  class="recharts-surface"
                  height="14"
                  style="display: inline-block; vertical-align: middle; margin-right: 4px;"
                  version="1.1"
                  viewBox="0 0 32 32"
                  width="14"
                >
                  <path
                    class="recharts-legend-icon"
                    d="M0,4h32v24h-32z"
                    fill="#0E074B"
                    stroke="none"
                  />
                </svg>
                <span
                  class="recharts-legend-item-text"
                  style="color: rgb(14, 7, 75);"
                >
                  voltage
                </span>
              </li>
            </ul>
          </div>
          <div
            class="recharts-tooltip-wrapper"
            style="transform: translate(undefinedpx, undefinedpx); pointer-events: none; visibility: hidden; position: absolute; top: 0px; left: 0px;"
          >
            <div
              class="recharts-default-tooltip"
              style="margin: 0px; padding: 10px; background-color: rgb(255, 255, 255); border: 1px solid #ccc; white-space: nowrap;"
            >
              <p
                class="recharts-tooltip-label"
                style="margin: 0px;"
              />
            </div>
          </div>
        </div>
      </div>
    </div>
    <div
      class="sc-hKFxyN gRYmfP"
    >
      <h2>
        Connection Type Ratio
      </h2>
      <div
        data-testid="chart-pie"
      >
        <div
          class="recharts-wrapper"
          style="position: relative; cursor: default; width: 400px; height: 400px;"
        >
          <svg
            class="recharts-surface"
            cx="50%"
            cy="50%"
            height="400"
            version="1.1"
            viewBox="0 0 400 400"
            width="400"
          >
            <defs>
              <clippath
                id="recharts4-clip"
              >
                <rect
                  height="390"
                  width="390"
                  x="5"
                  y="5"
                />
              </clippath>
            </defs>
            <g
              class="recharts-layer recharts-pie"
            >
              <g
                class="recharts-layer"
              >
                <g
                  class="recharts-layer recharts-pie-sector"
                />
                <g
                  class="recharts-layer recharts-pie-sector"
                />
                <g
                  class="recharts-layer recharts-pie-sector"
                />
              </g>
            </g>
          </svg>
          <div
            class="recharts-tooltip-wrapper"
            style="transform: translate(undefinedpx, undefinedpx); pointer-events: none; visibility: hidden; position: absolute; top: 0px; left: 0px;"
          >
            <div
              class="sc-dlnjwi fFCfFx"
            >
              ethernet
              : 
              0
            </div>
          </div>
        </div>
      </div>
    </div>
    <div
      class="sc-jNnpgg dyHDgn"
      data-testid="status-stat"
    >
      <h2>
        Status Ratio
      </h2>
      <div
        class="sc-dPaNzc fsnMSQ"
      >
        <div
          class="sc-bBjRSN ifWgyn"
        >
          <div
            class="sc-cOifOu dtLyyn"
          >
            <div
              class="sc-pNWdM kYEyMF"
              data-testid="status-container"
              status="connected"
            >
              <svg
                aria-hidden="true"
                class="MuiSvgIcon-root"
                data-testid="signal-on"
                focusable="false"
                title="connected"
                viewBox="0 0 24 24"
              >
                <path
                  d="M2 22h20V2z"
                />
              </svg>
            </div>
             
            <div
              class="sc-khIgEk gsBmqh"
            >
              Connected
            </div>
          </div>
          <div
            class="sc-hTRkXV iDkRUK"
          >
            <div
              class="sc-cTJkRt fDqRzl"
              color="#00C9A3"
              data-testid="ratio-circle"
            >
              2 / 3
            </div>
          </div>
        </div>
        <div
          class="sc-Arkif eFGdmg"
        />
        <div
          class="sc-bBjRSN ifWgyn"
        >
          <div
            class="sc-cOifOu dtLyyn disconnected-ratio"
          >
            <div
              class="sc-pNWdM fPSUZF"
              data-testid="status-container"
              status="disconnected"
            >
              <svg
                aria-hidden="true"
                class="MuiSvgIcon-root"
                data-testid="signal-off"
                focusable="false"
                title="disconnected"
                viewBox="0 0 24 24"
              >
                <path
                  d="M21 1l-8.59 8.59L21 18.18V1zM4.77 4.5L3.5 5.77l6.36 6.36L1 21h17.73l2 2L22 21.73 4.77 4.5z"
                />
              </svg>
            </div>
             
            <div
              class="sc-khIgEk gsBmqh"
            >
              Disconnected
            </div>
          </div>
          <div
            class="sc-hTRkXV iDkRUK"
          >
            <div
              class="sc-cTJkRt jTHRCJ"
              color="#eb4034"
              data-testid="ratio-circle"
            >
              1 / 3
            </div>
          </div>
        </div>
      </div>
    </div>
  </div>
  <div
    class="sc-jSFjdj cMHfVW"
  >
    <div
      class="sc-iCoGMd boQGpo info-table"
    >
      <div
        class="sc-bYwzuL cLRcGi"
      >
        <div
          class="sc-iklJeh ieGRsK"
        >
          <div
            class="sc-jrsJWt ebRkwL rdt_Table"
            role="table"
          >
            <div
              class="sc-kEqXSa hmoert rdt_TableHead"
              role="rowgroup"
            >
              <div
                class="sc-iqAclL ggfbEu rdt_TableHeadRow"
                role="row"
              >
                <div
                  class="sc-crzoAE sc-dIsUp sc-dIvrsQ fHQCaN lpmmgD XEshp rdt_TableCol"
                  data-column-id="1"
                >
                  <div
                    class="sc-hHEiqL lagkTj rdt_TableCol_Sortable"
                    data-column-id="1"
                    data-sort-id="1"
                    role="columnheader"
                    tabindex="0"
                  >
                    <div
                      class="sc-dlMDgC kfEPAV"
                      data-column-id="1"
                    >
                      serial_number
                    </div>
                    <span
                      class="sc-iemWCZ cdwHRR"
                    >
                      ▲
                    </span>
                  </div>
                </div>
                <div
                  class="sc-crzoAE sc-dIsUp sc-dIvrsQ fHQCaN lpmmgD XEshp rdt_TableCol"
                  data-column-id="2"
                >
                  <div
                    class="sc-hHEiqL lagkTj rdt_TableCol_Sortable"
                    data-column-id="2"
                    data-sort-id="2"
                    role="columnheader"
                    tabindex="0"
                  >
                    <div
                      class="sc-dlMDgC kfEPAV"
                      data-column-id="2"
                    >
                      mac_wifi
                    </div>
                    <span
                      class="sc-iemWCZ cdwHRR"
                    >
                      ▲
                    </span>
                  </div>
                </div>
                <div
                  class="sc-crzoAE sc-dIsUp sc-dIvrsQ fHQCaN lpmmgD XEshp rdt_TableCol"
                  data-column-id="3"
                >
                  <div
                    class="sc-hHEiqL lagkTj rdt_TableCol_Sortable"
                    data-column-id="3"
                    data-sort-id="3"
                    role="columnheader"
                    tabindex="0"
                  >
                    <div
                      class="sc-dlMDgC kfEPAV"
                      data-column-id="3"
                    >
                      sim_id
                    </div>
                    <span
                      class="sc-iemWCZ cdwHRR"
                    >
                      ▲
                    </span>
                  </div>
                </div>
                <div
                  class="sc-crzoAE sc-dIsUp sc-dIvrsQ fHQCaN lpmmgD XEshp rdt_TableCol"
                  data-column-id="4"
                >
                  <div
                    class="sc-hHEiqL lagkTj rdt_TableCol_Sortable"
                    data-column-id="4"
                    data-sort-id="4"
                    role="columnheader"
                    tabindex="0"
                  >
                    <div
                      class="sc-dlMDgC kfEPAV"
                      data-column-id="4"
                    >
                      last_seen_at
                    </div>
                    <span
                      class="sc-iemWCZ cdwHRR"
                    >
                      ▲
                    </span>
                  </div>
                </div>
                <div
                  class="sc-crzoAE sc-dIsUp sc-dIvrsQ fHQCaN gZVzZJ XEshp rdt_TableCol"
                  data-column-id="5"
                >
                  <div
                    class="sc-hHEiqL lagkTj rdt_TableCol_Sortable"
                    data-column-id="5"
                    data-sort-id="5"
                    role="columnheader"
                    tabindex="0"
                  >
                    <div
                      class="sc-dlMDgC kfEPAV"
                      data-column-id="5"
                    >
                      connection_type
                    </div>
                    <span
                      class="sc-iemWCZ cdwHRR"
                    >
                      ▲
                    </span>
                  </div>
                </div>
                <div
                  class="sc-crzoAE sc-dIsUp sc-dIvrsQ fHQCaN jqXLfa XEshp rdt_TableCol"
                  data-column-id="6"
                >
                  <div
                    class="sc-hHEiqL lagkTj rdt_TableCol_Sortable"
                    data-column-id="6"
                    data-sort-id="6"
                    role="columnheader"
                    tabindex="0"
                  >
                    <div
                      class="sc-dlMDgC kfEPAV"
                      data-column-id="6"
                    >
                      status
                    </div>
                    <span
                      class="sc-iemWCZ cdwHRR"
                    >
                      ▲
                    </span>
                  </div>
                </div>
              </div>
            </div>
            <div
              class="sc-ezzafa eeaEXF rdt_TableBody"
              role="rowgroup"
            >
              <div
                class="sc-bkbkJK fiqGdl rdt_TableRow"
                id="row-0"
                role="row"
              >
                <div
                  class="sc-crzoAE sc-dIsUp sc-bqGGPW idIBJA lpmmgD bgeFSq rdt_TableCell"
                  data-column-id="1"
                  data-tag="allowRowEvents"
                  id="cell-1-undefined"
                  role="gridcell"
                >
                  <div
                    data-tag="allowRowEvents"
                  >
                    <a
                      class="device_0"
                      href="/device/0"
                    >
                      device_0
                    </a>
                  </div>
                </div>
                <div
                  class="sc-crzoAE sc-dIsUp sc-bqGGPW idIBJA lpmmgD bgeFSq rdt_TableCell"
                  data-column-id="2"
                  data-tag="allowRowEvents"
                  id="cell-2-undefined"
                  role="gridcell"
                >
                  <div
                    data-tag="allowRowEvents"
                  >
                    c5:d7:14:84:f8:cf
                  </div>
                </div>
                <div
                  class="sc-crzoAE sc-dIsUp sc-bqGGPW idIBJA lpmmgD bgeFSq rdt_TableCell"
                  data-column-id="3"
                  data-tag="allowRowEvents"
                  id="cell-3-undefined"
                  role="gridcell"
                >
                  <div
                    data-tag="allowRowEvents"
                  >
                    98962001
                  </div>
                </div>
                <div
                  class="sc-crzoAE sc-dIsUp sc-bqGGPW idIBJA lpmmgD bgeFSq rdt_TableCell"
                  data-column-id="4"
                  data-tag="allowRowEvents"
                  id="cell-4-undefined"
                  role="gridcell"
                >
                  <div
                    data-tag="allowRowEvents"
                  >
                    September 26th 2021, 3:10:44 pm
                  </div>
                </div>
                <div
                  class="sc-crzoAE sc-dIsUp sc-bqGGPW idIBJA gZVzZJ bgeFSq rdt_TableCell"
                  data-column-id="5"
                  data-tag="allowRowEvents"
                  id="cell-5-undefined"
                  role="gridcell"
                >
                  <div
                    data-tag="allowRowEvents"
                  >
                    <div
                      class="sc-fujyAs ejkVrf"
                      data-testid="connection_type-container"
                      type="ethernet"
                    >
                      <svg
                        aria-hidden="true"
                        class="MuiSvgIcon-root"
                        data-testid="icon-ethernet"
                        focusable="false"
                        title="ethernet"
                        viewBox="0 0 24 24"
                      >
                        <path
                          d="M7.77 6.76L6.23 5.48.82 12l5.41 6.52 1.54-1.28L3.42 12l4.35-5.24zM7 13h2v-2H7v2zm10-2h-2v2h2v-2zm-6 2h2v-2h-2v2zm6.77-7.52l-1.54 1.28L20.58 12l-4.35 5.24 1.54 1.28L23.18 12l-5.41-6.52z"
                        />
                      </svg>
                    </div>
                  </div>
                </div>
                <div
                  class="sc-crzoAE sc-dIsUp sc-bqGGPW idIBJA jqXLfa bgeFSq rdt_TableCell"
                  data-column-id="6"
                  data-tag="allowRowEvents"
                  id="cell-6-undefined"
                  role="gridcell"
                >
                  <div
                    data-tag="allowRowEvents"
                  >
                    <div
                      class="sc-pNWdM kYEyMF"
                      data-testid="status-container"
                      status="connected"
                    >
                      <svg
                        aria-hidden="true"
                        class="MuiSvgIcon-root"
                        data-testid="signal-on"
                        focusable="false"
                        title="connected"
                        viewBox="0 0 24 24"
                      >
                        <path
                          d="M2 22h20V2z"
                        />
                      </svg>
                    </div>
                  </div>
                </div>
              </div>
              <div
                class="sc-bkbkJK fiqGdl rdt_TableRow"
                id="row-1"
                role="row"
              >
                <div
                  class="sc-crzoAE sc-dIsUp sc-bqGGPW idIBJA lpmmgD bgeFSq rdt_TableCell"
                  data-column-id="1"
                  data-tag="allowRowEvents"
                  id="cell-1-undefined"
                  role="gridcell"
                >
                  <div
                    data-tag="allowRowEvents"
                  >
                    <a
                      class="device_1"
                      href="/device/1"
                    >
                      device_1
                    </a>
                  </div>
                </div>
                <div
                  class="sc-crzoAE sc-dIsUp sc-bqGGPW idIBJA lpmmgD bgeFSq rdt_TableCell"
                  data-column-id="2"
                  data-tag="allowRowEvents"
                  id="cell-2-undefined"
                  role="gridcell"
                >
                  <div
                    data-tag="allowRowEvents"
                  >
                    c4:d7:14:84:f8:cf
                  </div>
                </div>
                <div
                  class="sc-crzoAE sc-dIsUp sc-bqGGPW idIBJA lpmmgD bgeFSq rdt_TableCell"
                  data-column-id="3"
                  data-tag="allowRowEvents"
                  id="cell-3-undefined"
                  role="gridcell"
                >
                  <div
                    data-tag="allowRowEvents"
                  >
                    98962002
                  </div>
                </div>
                <div
                  class="sc-crzoAE sc-dIsUp sc-bqGGPW idIBJA lpmmgD bgeFSq rdt_TableCell"
                  data-column-id="4"
                  data-tag="allowRowEvents"
                  id="cell-4-undefined"
                  role="gridcell"
                >
                  <div
                    data-tag="allowRowEvents"
                  >
                    September 26th 2021, 3:10:43 pm
                  </div>
                </div>
                <div
                  class="sc-crzoAE sc-dIsUp sc-bqGGPW idIBJA gZVzZJ bgeFSq rdt_TableCell"
                  data-column-id="5"
                  data-tag="allowRowEvents"
                  id="cell-5-undefined"
                  role="gridcell"
                >
                  <div
                    data-tag="allowRowEvents"
                  >
                    <div
                      class="sc-fujyAs dA-DhUw"
                      data-testid="connection_type-container"
                      type="wifi"
                    >
                      <svg
                        aria-hidden="true"
                        class="MuiSvgIcon-root"
                        data-testid="icon-wifi"
                        focusable="false"
                        title="wifi"
                        viewBox="0 0 24 24"
                      >
                        <path
                          d="M1 9l2 2c4.97-4.97 13.03-4.97 18 0l2-2C16.93 2.93 7.08 2.93 1 9zm8 8l3 3 3-3c-1.65-1.66-4.34-1.66-6 0zm-4-4l2 2c2.76-2.76 7.24-2.76 10 0l2-2C15.14 9.14 8.87 9.14 5 13z"
                        />
                      </svg>
                    </div>
                  </div>
                </div>
                <div
                  class="sc-crzoAE sc-dIsUp sc-bqGGPW idIBJA jqXLfa bgeFSq rdt_TableCell"
                  data-column-id="6"
                  data-tag="allowRowEvents"
                  id="cell-6-undefined"
                  role="gridcell"
                >
                  <div
                    data-tag="allowRowEvents"
                  >
                    <div
                      class="sc-pNWdM fPSUZF"
                      data-testid="status-container"
                      status="disconnected"
                    >
                      <svg
                        aria-hidden="true"
                        class="MuiSvgIcon-root"
                        data-testid="signal-off"
                        focusable="false"
                        title="disconnected"
                        viewBox="0 0 24 24"
                      >
                        <path
                          d="M21 1l-8.59 8.59L21 18.18V1zM4.77 4.5L3.5 5.77l6.36 6.36L1 21h17.73l2 2L22 21.73 4.77 4.5z"
                        />
                      </svg>
                    </div>
                  </div>
                </div>
              </div>
              <div
                class="sc-bkbkJK fiqGdl rdt_TableRow"
                id="row-2"
                role="row"
              >
                <div
                  class="sc-crzoAE sc-dIsUp sc-bqGGPW idIBJA lpmmgD bgeFSq rdt_TableCell"
                  data-column-id="1"
                  data-tag="allowRowEvents"
                  id="cell-1-undefined"
                  role="gridcell"
                >
                  <div
                    data-tag="allowRowEvents"
                  >
                    <a
                      class="device_2"
                      href="/device/2"
                    >
                      device_2
                    </a>
                  </div>
                </div>
                <div
                  class="sc-crzoAE sc-dIsUp sc-bqGGPW idIBJA lpmmgD bgeFSq rdt_TableCell"
                  data-column-id="2"
                  data-tag="allowRowEvents"
                  id="cell-2-undefined"
                  role="gridcell"
                >
                  <div
                    data-tag="allowRowEvents"
                  >
                    a4:d7:14:84:f8:cf
                  </div>
                </div>
                <div
                  class="sc-crzoAE sc-dIsUp sc-bqGGPW idIBJA lpmmgD bgeFSq rdt_TableCell"
                  data-column-id="3"
                  data-tag="allowRowEvents"
                  id="cell-3-undefined"
                  role="gridcell"
                >
                  <div
                    data-tag="allowRowEvents"
                  >
                    98962003
                  </div>
                </div>
                <div
                  class="sc-crzoAE sc-dIsUp sc-bqGGPW idIBJA lpmmgD bgeFSq rdt_TableCell"
                  data-column-id="4"
                  data-tag="allowRowEvents"
                  id="cell-4-undefined"
                  role="gridcell"
                >
                  <div
                    data-tag="allowRowEvents"
                  >
                    September 26th 2021, 3:10:42 pm
                  </div>
                </div>
                <div
                  class="sc-crzoAE sc-dIsUp sc-bqGGPW idIBJA gZVzZJ bgeFSq rdt_TableCell"
                  data-column-id="5"
                  data-tag="allowRowEvents"
                  id="cell-5-undefined"
                  role="gridcell"
                >
                  <div
                    data-tag="allowRowEvents"
                  >
                    <div
                      class="sc-fujyAs cMwdeo"
                      data-testid="connection_type-container"
                      type="cellular"
                    >
                      <svg
                        aria-hidden="true"
                        class="MuiSvgIcon-root"
                        data-testid="icon-cellular"
                        focusable="false"
                        title="cellular"
                        viewBox="0 0 24 24"
                      >
                        <path
                          d="M17 4h3v16h-3zM5 14h3v6H5zm6-5h3v11h-3z"
                        />
                      </svg>
                    </div>
                  </div>
                </div>
                <div
                  class="sc-crzoAE sc-dIsUp sc-bqGGPW idIBJA jqXLfa bgeFSq rdt_TableCell"
                  data-column-id="6"
                  data-tag="allowRowEvents"
                  id="cell-6-undefined"
                  role="gridcell"
                >
                  <div
                    data-tag="allowRowEvents"
                  >
                    <div
                      class="sc-pNWdM kYEyMF"
                      data-testid="status-container"
                      status="connected"
                    >
                      <svg
                        aria-hidden="true"
                        class="MuiSvgIcon-root"
                        data-testid="signal-on"
                        focusable="false"
                        title="connected"
                        viewBox="0 0 24 24"
                      >
                        <path
                          d="M2 22h20V2z"
                        />
                      </svg>
                    </div>
                  </div>
                </div>
              </div>
            </div>
          </div>
        </div>
      </div>
      <div>
        <nav
          class="sc-ciSkZP bMEuBV rdt_Pagination"
        >
          <span
            class="sc-iTVJFM sc-efHYUO fwZtJI gzPyVa"
          />
          <div
            class="sc-cBoqAE kyQVQB"
          >
            <select
              aria-label=""
              class="sc-gXfVKN iSCKwd"
            >
              <option
                selected=""
                value="10"
              >
                10
              </option>
              <option
                value="15"
              >
                15
              </option>
              <option
                value="20"
              >
                20
              </option>
              <option
                value="25"
              >
                25
              </option>
              <option
                value="30"
              >
                30
              </option>
            </select>
            <svg
              height="24"
              viewBox="0 0 24 24"
              width="24"
              xmlns="http://www.w3.org/2000/svg"
            >
              <path
                d="M7 10l5 5 5-5z"
              />
              <path
                d="M0 0h24v24H0z"
                fill="none"
              />
            </svg>
          </div>
          <span
            class="sc-iTVJFM sc-iBzEeX fwZtJI eVixZt"
          >
            1-3 of 3
          </span>
          <div
            class="sc-carFqZ hPUMVG"
          >
            <button
              aria-disabled="true"
              aria-label="First Page"
              class="sc-jcwpoC khwVEz"
              disabled=""
              id="pagination-first-page"
              type="button"
            >
              <svg
                aria-hidden="true"
                height="24"
                role="presentation"
                viewBox="0 0 24 24"
                width="24"
                xmlns="http://www.w3.org/2000/svg"
              >
                <path
                  d="M18.41 16.59L13.82 12l4.59-4.59L17 6l-6 6 6 6zM6 6h2v12H6z"
                />
                <path
                  d="M24 24H0V0h24v24z"
                  fill="none"
                />
              </svg>
            </button>
            <button
              aria-disabled="true"
              aria-label="Previous Page"
              class="sc-jcwpoC khwVEz"
              disabled=""
              id="pagination-previous-page"
              type="button"
            >
              <svg
                aria-hidden="true"
                height="24"
                role="presentation"
                viewBox="0 0 24 24"
                width="24"
                xmlns="http://www.w3.org/2000/svg"
              >
                <path
                  d="M15.41 7.41L14 6l-6 6 6 6 1.41-1.41L10.83 12z"
                />
                <path
                  d="M0 0h24v24H0z"
                  fill="none"
                />
              </svg>
            </button>
            <button
              aria-disabled="true"
              aria-label="Next Page"
              class="sc-jcwpoC khwVEz"
              disabled=""
              id="pagination-next-page"
              type="button"
            >
              <svg
                aria-hidden="true"
                height="24"
                role="presentation"
                viewBox="0 0 24 24"
                width="24"
                xmlns="http://www.w3.org/2000/svg"
              >
                <path
                  d="M10 6L8.59 7.41 13.17 12l-4.58 4.59L10 18l6-6z"
                />
                <path
                  d="M0 0h24v24H0z"
                  fill="none"
                />
              </svg>
            </button>
            <button
              aria-disabled="true"
              aria-label="Last Page"
              class="sc-jcwpoC khwVEz"
              disabled=""
              id="pagination-last-page"
              type="button"
            >
              <svg
                aria-hidden="true"
                height="24"
                role="presentation"
                viewBox="0 0 24 24"
                width="24"
                xmlns="http://www.w3.org/2000/svg"
              >
                <path
                  d="M5.59 7.41L10.18 12l-4.59 4.59L7 18l6-6-6-6zM16 6h2v12h-2z"
                />
                <path
                  d="M0 0h24v24H0V0z"
                  fill="none"
                />
              </svg>
            </button>
          </div>
        </nav>
      </div>
    </div>
  </div>
</div>
`;
